[template2.thietkewebsites.com/clone25/index.html]
[backblue.gif]
[fade.gif]
[index.html]
[template2.thietkewebsites.com/clone25/wp-content/plugins/font-awesome-4-menus/css/font-awesome.min1849.css]
[template2.thietkewebsites.com/clone25/wp-content/plugins/page-navi-slider/style/page-navi-slider092c.css]
[template2.thietkewebsites.com/clone25/wp-content/themes/flatsome/assets/css/flatsome1aae.css]
[template2.thietkewebsites.com/clone25/wp-content/themes/flatsome/assets/css/flatsome-shop1aae.css]
[template2.thietkewebsites.com/clone25/wp-includes/js/jquery/jqueryb8ff.js]
[template2.thietkewebsites.com/clone25/wp-includes/js/jquery/jquery-migrate.min330a.js]
[template2.thietkewebsites.com/clone25/wp-content/plugins/contentprotector/js/jquery.watermark092c.js]
[template2.thietkewebsites.com/clone25/wp-includes/js/jquery/ui/core.mine899.js]
[template2.thietkewebsites.com/clone25/wp-includes/js/jquery/ui/widget.mine899.js]
[template2.thietkewebsites.com/clone25/wp-includes/js/jquery/ui/mouse.mine899.js]
[template2.thietkewebsites.com/clone25/wp-includes/js/jquery/ui/slider.mine899.js]
[template2.thietkewebsites.com/clone25/wp-content/plugins/page-navi-slider/js/page-navi-slider.min68b3.js]
[template2.thietkewebsites.com/clone25/wp-content/plugins/page-navi-slider/js/jquery.ui.touch-punch.min68b3.js]
[template2.thietkewebsites.com/clone25/xmlrpc0db0.php]
[template2.thietkewebsites.com/clone25/wp-includes/wlwmanifest.xml]
[ajax.googleapis.com/ajax/libs/webfont/1/webfont.js]
[template2.thietkewebsites.com/clone25/wp-content/uploads/2018/09/cropped-3-1-32x32.png]
[template2.thietkewebsites.com/clone25/wp-content/uploads/2018/09/cropped-3-1-192x192.png]
[template2.thietkewebsites.com/clone25/wp-json/index.html]
[template2.thietkewebsites.com/clone25/wp-content/uploads/2018/09/cropped-3-1-180x180.png]
[template2.thietkewebsites.com/clone25/wp-content/uploads/2018/09/1-3.png]
[template2.thietkewebsites.com/clone25/wp-content/uploads/2018/09/Untitled-4-1.png]
[template2.thietkewebsites.com/clone25/wp-content/uploads/2018/09/Untitled-a.png]
[template2.thietkewebsites.com/clone25/tai-khoan/index.html]
[template2.thietkewebsites.com/clone25/gio-hang/index.html]
[template2.thietkewebsites.com/clone25/wp-content/uploads/2018/09/icon.png]
[template2.thietkewebsites.com/clone25/wp-content/uploads/2018/09/icon-email.png]
[template2.thietkewebsites.com/clone25/gioi-thieu/index.html]
[template2.thietkewebsites.com/clone25/wp-content/themes/flatsome/assets/img/lazy.png]
[template2.thietkewebsites.com/clone25/danh-muc/game-hanh-dong/grand-theft-auto-v/index.html]
[template2.thietkewebsites.com/clone25/wp-content/uploads/2018/09/Untitled-1.png]
[template2.thietkewebsites.com/clone25/danh-muc/game-hanh-dong/need-for-speed/index.html]
[template2.thietkewebsites.com/clone25/san-pham/index.html]
[template2.thietkewebsites.com/clone25/wp-content/uploads/2018/09/Untitled-5.png]
[template2.thietkewebsites.com/clone25/wp-content/uploads/2018/09/Untitled-3.png]
[template2.thietkewebsites.com/clone25/danh-muc/game-hanh-dong/tam-quoc-dien-nghia/index.html]
[template2.thietkewebsites.com/cdn-cgi/scripts/5c5dd728/cloudflare-static/email-decode.min.js]
[template2.thietkewebsites.com/clone25/danh-muc/game-hanh-dong/batman/index.html]
[template2.thietkewebsites.com/clone25/danh-muc/game-hanh-dong/battlefield/index.html]
[template2.thietkewebsites.com/clone25/danh-muc/game-hanh-dong/hitman/index.html]
[template2.thietkewebsites.com/clone25/danh-muc/game-hanh-dong/wwe-2k18/index.html]
[template2.thietkewebsites.com/clone25/danh-muc/game-sinh-ton/rust/index.html]
[template2.thietkewebsites.com/clone25/wp-content/themes/flatsome/assets/css/fl-icons.css]
[template2.thietkewebsites.com/clone25/danh-muc/game-sinh-ton/left-4-dead/index.html]
[template2.thietkewebsites.com/clone25/wp-content/plugins/woocommerce/assets/js/frontend/add-to-cart.min4c8b.js]
[template2.thietkewebsites.com/clone25/danh-muc/game-sinh-ton/ark/index.html]
[template2.thietkewebsites.com/clone25/wp-content/plugins/woocommerce/assets/js/jquery-blockui/jquery.blockUI.min44fd.js]
[template2.thietkewebsites.com/clone25/danh-muc/game-sinh-ton/minecraft/index.html]
[template2.thietkewebsites.com/clone25/danh-muc/game-sinh-ton/playerunknowns-battlegrounds/index.html]
[template2.thietkewebsites.com/clone25/wp-content/plugins/woocommerce/assets/js/js-cookie/js.cookie.min6b25.js]
[template2.thietkewebsites.com/clone25/wp-content/plugins/woocommerce/assets/js/frontend/woocommerce.min4c8b.js]
[template2.thietkewebsites.com/clone25/danh-muc/game-chien-thuat/lien-minh-huyen-thoai/index.html]
[template2.thietkewebsites.com/clone25/wp-content/plugins/woocommerce/assets/js/frontend/cart-fragments.min4c8b.js]
[template2.thietkewebsites.com/clone25/danh-muc/game-chien-thuat/fifa-online-4/index.html]
[template2.thietkewebsites.com/clone25/wp-content/themes/flatsome/inc/extensions/flatsome-live-search/flatsome-live-search1aae.js]
[template2.thietkewebsites.com/clone25/san-pham/adr1ft/index.html]
[template2.thietkewebsites.com/clone25/wp-includes/js/hoverIntent.minc245.js]
[template2.thietkewebsites.com/clone25/san-pham/age-of-empires-ii-hd/index.html]
[template2.thietkewebsites.com/clone25/wp-content/themes/flatsome/assets/js/flatsome1aae.js]
[template2.thietkewebsites.com/clone25/san-pham/3d-coat-v4-8/index.html]
[template2.thietkewebsites.com/clone25/wp-content/themes/flatsome/inc/extensions/flatsome-lazy-load/flatsome-lazy-load5152.js]
[template2.thietkewebsites.com/clone25/san-pham/nam-1849/index.html]
[template2.thietkewebsites.com/clone25/wp-content/themes/flatsome/inc/extensions/flatsome-infinite-scroll/flatsome-infinite-scroll4963.js]
[template2.thietkewebsites.com/clone25/san-pham/batman-moi/index.html]
[template2.thietkewebsites.com/clone25/san-pham/batman/index.html]
[template2.thietkewebsites.com/clone25/wp-content/themes/flatsome/assets/js/woocommerce1aae.js]
[template2.thietkewebsites.com/clone25/that-kho-tin-nhung-do-thi-dep-den-ao-dieu-nay-lai-la-mot-tac-pham-minecraft/index.html]
[template2.thietkewebsites.com/clone25/phoenix-cyber-gay-soc-khi-tang-tai-khoan-2-trieu-cho-tat-ca-tan-sinh-vien-2018/index.html]
[template2.thietkewebsites.com/clone25/tuong-tac-cua-aatrox-moi-voi-cac-vi-tuong-khac-he-lo-nhieu-bi-mat-trong-cot-truyen/index.html]
[template2.thietkewebsites.com/clone25/wp-includes/js/zxcvbn-async.min5152.js]
[template2.thietkewebsites.com/clone25/wp-admin/js/password-strength-meter.min092c.js]
[template2.thietkewebsites.com/clone25/cung-den-voi-lamplight-city-tua-game-danh-cho-cac-fan-nghien-the-loai-trinh-tham/index.html]
[template2.thietkewebsites.com/clone25/honor-play-dien-thoai-choi-game-tuyet-dinh-khong-co-doi-thu/index.html]
[template2.thietkewebsites.com/clone25/index.html]
[template2.thietkewebsites.com/clone25/wp-content/plugins/woocommerce/assets/js/frontend/password-strength-meter.min4c8b.js]
[template2.thietkewebsites.com/clone25/review-fear-the-wolves-game-pubg-phien-ban-nuoc-nga-vo-cung-khoc-liet/index.html]
[template2.thietkewebsites.com/clone25/xmlrpc.php]
[template2.thietkewebsites.com/clone25/indexce09.html]
[template2.thietkewebsites.com/clone25/index0838.html]
[template2.thietkewebsites.com/clone25/san-pham/rust/index.html]
[template2.thietkewebsites.com/clone25/index87de.html]
[template2.thietkewebsites.com/clone25/san-pham/the-forest/index.html]
[template2.thietkewebsites.com/clone25/index9ced.html]
[template2.thietkewebsites.com/clone25/wp-content/plugins/font-awesome-4-menus/fonts/fontawesome-webfont3e6e.eot]
[template2.thietkewebsites.com/clone25/san-pham/hitman/index.html]
[template2.thietkewebsites.com/clone25/indexb3a2.html]
[template2.thietkewebsites.com/clone25/wp-content/plugins/font-awesome-4-menus/fonts/fontawesome-webfontd41d.eot]
[template2.thietkewebsites.com/clone25/wp-content/plugins/font-awesome-4-menus/fonts/fontawesome-webfont3e6e.woff2]
[template2.thietkewebsites.com/clone25/indexcbcb.html]
[template2.thietkewebsites.com/clone25/wp-content/plugins/font-awesome-4-menus/fonts/fontawesome-webfont3e6e.woff]
[template2.thietkewebsites.com/clone25/san-pham/ark/index.html]
[template2.thietkewebsites.com/clone25/wp-content/plugins/font-awesome-4-menus/fonts/fontawesome-webfont3e6e.ttf]
[template2.thietkewebsites.com/clone25/san-pham/battlefield/index.html]
[template2.thietkewebsites.com/clone25/index07e3.html]
[template2.thietkewebsites.com/clone25/wp-content/plugins/font-awesome-4-menus/css/font-awesome.min1849.css]
[template2.thietkewebsites.com/clone25/wp-content/plugins/font-awesome-4-menus/fonts/fontawesome-webfont3e6e.svg]
[template2.thietkewebsites.com/clone25/indexfa00.html]
[template2.thietkewebsites.com/clone25/wp-content/plugins/page-navi-slider/style/page-navi-slider092c.css]
[template2.thietkewebsites.com/clone25/index5a55.html]
[template2.thietkewebsites.com/clone25/tai-khoan/lost-password/index.html]
[template2.thietkewebsites.com/clone25/wp-content/themes/flatsome/assets/css/flatsome1aae.css]
[template2.thietkewebsites.com/clone25/index28a5.html]
[template2.thietkewebsites.com/clone25/indexac42.html]
[template2.thietkewebsites.com/clone25/wp-content/themes/flatsome/assets/css/flatsome-shop1aae.css]
[template2.thietkewebsites.com/clone25/wp-content/themes/manh-rem/style1aae.css]
[template2.thietkewebsites.com/clone25/tuyen-dung/index.html]
[template2.thietkewebsites.com/clone25/chuyen-muc/tin-tuc/index.html]
[template2.thietkewebsites.com/clone25/lien-he/index.html]
[template2.thietkewebsites.com/clone25/danh-muc/game-chien-thuat/index.html]
[template2.thietkewebsites.com/clone25/danh-muc/game-hanh-dong/index.html]
[template2.thietkewebsites.com/clone25/danh-muc/game-sinh-ton/index.html]
[template2.thietkewebsites.com/clone25/wp-content/plugins/woocommerce/assets/css/select24c8b.css]
[template2.thietkewebsites.com/clone25/tai-khoan/index.html]
[template2.thietkewebsites.com/clone25/wp-content/plugins/woocommerce/assets/js/selectWoo/selectWoo.full.min4b68.js]
[template2.thietkewebsites.com/clone25/wp-content/plugins/woocommerce/assets/js/frontend/country-select.min4c8b.js]
[template2.thietkewebsites.com/clone25/wp-content/plugins/woocommerce/assets/js/frontend/address-i18n.min4c8b.js]
[template2.thietkewebsites.com/clone25/gio-hang/index.html]
[template2.thietkewebsites.com/clone25/wp-content/plugins/woocommerce/assets/js/frontend/cart.min4c8b.js]
[template2.thietkewebsites.com/clone25/wp-content/uploads/2018/04/icon.png]
[template2.thietkewebsites.com/clone25/wp-content/uploads/2018/04/icon-email.png]
[template2.thietkewebsites.com/clone25/wp-content/uploads/2018/11/super-mario-game-2048x1152.jpg]
[template2.thietkewebsites.com/clone25/gioi-thieu/index.html]
[template2.thietkewebsites.com/clone25/san-pham/indexce09.html]
[template2.thietkewebsites.com/clone25/san-pham/index0838.html]
[template2.thietkewebsites.com/clone25/san-pham/index5a55.html]
[template2.thietkewebsites.com/clone25/san-pham/index07e3.html]
[template2.thietkewebsites.com/clone25/san-pham/indexac42.html]
[template2.thietkewebsites.com/clone25/san-pham/index.html]
[template2.thietkewebsites.com/clone25/san-pham/index28a5.html]
[template2.thietkewebsites.com/clone25/san-pham/indexfa00.html]
[template2.thietkewebsites.com/clone25/san-pham/fifa-online-4/index.html]
[template2.thietkewebsites.com/clone25/san-pham/index3711.html]
[template2.thietkewebsites.com/clone25/san-pham/grand-theft-auto-v/index.html]
[template2.thietkewebsites.com/clone25/danh-muc/game-hanh-dong/grand-theft-auto-v/index.html]
[template2.thietkewebsites.com/clone25/san-pham/index683d.html]
[template2.thietkewebsites.com/clone25/san-pham/indexcbcb.html]
[template2.thietkewebsites.com/clone25/san-pham/left-4-dead/index.html]
[template2.thietkewebsites.com/clone25/san-pham/index85e8.html]
[template2.thietkewebsites.com/clone25/san-pham/lien-minh-huyen-thoai/index.html]
[template2.thietkewebsites.com/clone25/san-pham/minecraft/index.html]
[template2.thietkewebsites.com/clone25/danh-muc/game-hanh-dong/need-for-speed/index.html]
[template2.thietkewebsites.com/clone25/san-pham/index1dda.html]
[template2.thietkewebsites.com/clone25/san-pham/indexecb0.html]
[template2.thietkewebsites.com/clone25/san-pham/index87de.html]
[template2.thietkewebsites.com/clone25/san-pham/need-for-speed/index.html]
[template2.thietkewebsites.com/clone25/san-pham/index029d.html]
[template2.thietkewebsites.com/clone25/san-pham/pubg/index.html]
[template2.thietkewebsites.com/clone25/danh-muc/game-hanh-dong/tam-quoc-dien-nghia/index.html]
[template2.thietkewebsites.com/clone25/san-pham/index52cf.html]
[template2.thietkewebsites.com/clone25/san-pham/tam-quoc-dien-nghia/index.html]
[template2.thietkewebsites.com/clone25/san-pham/index9ced.html]
[template2.thietkewebsites.com/clone25/san-pham/index0e13.html]
[template2.thietkewebsites.com/clone25/san-pham/indexb3a2.html]
[template2.thietkewebsites.com/clone25/san-pham/wwe-2k18/index.html]
[template2.thietkewebsites.com/clone25/danh-muc/game-hanh-dong/batman/index.html]
[template2.thietkewebsites.com/clone25/san-pham/indexfc8c.html]
[template2.thietkewebsites.com/clone25/danh-muc/game-hanh-dong/grand-theft-auto-v/index683d.html]
[template2.thietkewebsites.com/clone25/danh-muc/game-hanh-dong/need-for-speed/index029d.html]
[template2.thietkewebsites.com/clone25/danh-muc/game-hanh-dong/tam-quoc-dien-nghia/index0e13.html]
[template2.thietkewebsites.com/clone25/danh-muc/game-hanh-dong/battlefield/index.html]
[template2.thietkewebsites.com/clone25/danh-muc/game-hanh-dong/batman/indexac42.html]
[template2.thietkewebsites.com/clone25/danh-muc/game-hanh-dong/battlefield/indexfa00.html]
[template2.thietkewebsites.com/clone25/danh-muc/game-hanh-dong/batman/index28a5.html]
[template2.thietkewebsites.com/clone25/danh-muc/game-hanh-dong/hitman/index.html]
[template2.thietkewebsites.com/clone25/danh-muc/game-hanh-dong/hitman/indexcbcb.html]
[template2.thietkewebsites.com/clone25/danh-muc/game-hanh-dong/wwe-2k18/index.html]
[template2.thietkewebsites.com/clone25/danh-muc/game-hanh-dong/wwe-2k18/indexfc8c.html]
[template2.thietkewebsites.com/clone25/danh-muc/game-sinh-ton/rust/index.html]
[template2.thietkewebsites.com/clone25/danh-muc/game-sinh-ton/rust/index9ced.html]
[template2.thietkewebsites.com/clone25/danh-muc/game-sinh-ton/left-4-dead/index.html]
[template2.thietkewebsites.com/clone25/danh-muc/game-sinh-ton/left-4-dead/index85e8.html]
[template2.thietkewebsites.com/clone25/danh-muc/game-sinh-ton/ark/index.html]
[template2.thietkewebsites.com/clone25/danh-muc/game-sinh-ton/ark/index07e3.html]
[template2.thietkewebsites.com/clone25/danh-muc/game-sinh-ton/playerunknowns-battlegrounds/index.html]
[template2.thietkewebsites.com/clone25/danh-muc/game-sinh-ton/playerunknowns-battlegrounds/index52cf.html]
[template2.thietkewebsites.com/clone25/danh-muc/game-sinh-ton/minecraft/index.html]
[template2.thietkewebsites.com/clone25/danh-muc/game-sinh-ton/minecraft/indexecb0.html]
[template2.thietkewebsites.com/clone25/danh-muc/game-chien-thuat/lien-minh-huyen-thoai/index.html]
[template2.thietkewebsites.com/clone25/danh-muc/game-chien-thuat/lien-minh-huyen-thoai/index1dda.html]
[template2.thietkewebsites.com/clone25/danh-muc/game-chien-thuat/fifa-online-4/index.html]
[template2.thietkewebsites.com/clone25/wp-content/plugins/woocommerce/assets/css/photoswipe/photoswipe4c8b.css]
[template2.thietkewebsites.com/clone25/wp-content/plugins/woocommerce/assets/css/photoswipe/default-skin/default-skin4c8b.css]
[template2.thietkewebsites.com/clone25/wp-content/uploads/2018/09/5-1.png]
[template2.thietkewebsites.com/clone25/wp-content/uploads/2018/04/Local-seo-1.png]
[template2.thietkewebsites.com/clone25/wp-content/uploads/2018/04/map-1.png]
[template2.thietkewebsites.com/clone25/wp-content/uploads/2018/04/pair-ads-1.png]
[template2.thietkewebsites.com/clone25/danh-muc/game-chien-thuat/fifa-online-4/index3711.html]
[template2.thietkewebsites.com/clone25/wp-content/uploads/2018/09/fr-minecraft_wallpaper_IBX4.png]
[template2.thietkewebsites.com/clone25/danh-muc/web-site-500k/index.html]
[template2.thietkewebsites.com/clone25/san-pham/adr1ft/indexce09.html]
[template2.thietkewebsites.com/clone25/san-pham/adr1ft/index5a55.html]
[template2.thietkewebsites.com/clone25/wp-content/plugins/woocommerce/assets/js/photoswipe/photoswipe.min0235.js]
[template2.thietkewebsites.com/clone25/wp-content/plugins/woocommerce/assets/js/photoswipe/photoswipe-ui-default.min0235.js]
[template2.thietkewebsites.com/clone25/san-pham/adr1ft/index0838.html]
[template2.thietkewebsites.com/clone25/wp-content/plugins/woocommerce/assets/js/frontend/single-product.min4c8b.js]
[template2.thietkewebsites.com/clone25/wp-includes/js/comment-reply.min092c.js]
[template2.thietkewebsites.com/clone25/san-pham/adr1ft/index.html]
[template2.thietkewebsites.com/clone25/san-pham/adr1ft/index87de.html]
[template2.thietkewebsites.com/clone25/wp-content/uploads/2018/09/4-1.png]
[template2.thietkewebsites.com/clone25/san-pham/adr1ft/indexac42.html]
[template2.thietkewebsites.com/clone25/san-pham/adr1ft/index28a5.html]
[template2.thietkewebsites.com/clone25/san-pham/age-of-empires-ii-hd/index.html]
[template2.thietkewebsites.com/clone25/san-pham/age-of-empires-ii-hd/index5a55.html]
[template2.thietkewebsites.com/clone25/san-pham/age-of-empires-ii-hd/indexce09.html]
[template2.thietkewebsites.com/clone25/san-pham/age-of-empires-ii-hd/index0838.html]
[template2.thietkewebsites.com/clone25/wp-content/uploads/2018/09/3-2.png]
[template2.thietkewebsites.com/clone25/san-pham/age-of-empires-ii-hd/index87de.html]
[template2.thietkewebsites.com/clone25/san-pham/age-of-empires-ii-hd/index28a5.html]
[template2.thietkewebsites.com/clone25/san-pham/3d-coat-v4-8/index.html]
[template2.thietkewebsites.com/clone25/san-pham/age-of-empires-ii-hd/indexac42.html]
[template2.thietkewebsites.com/clone25/san-pham/3d-coat-v4-8/indexce09.html]
[template2.thietkewebsites.com/clone25/wp-content/uploads/2018/09/2-6.png]
[template2.thietkewebsites.com/clone25/san-pham/3d-coat-v4-8/index5a55.html]
[template2.thietkewebsites.com/clone25/san-pham/3d-coat-v4-8/index87de.html]
[template2.thietkewebsites.com/clone25/san-pham/3d-coat-v4-8/index0838.html]
[template2.thietkewebsites.com/clone25/san-pham/nam-1849/index.html]
[template2.thietkewebsites.com/clone25/san-pham/3d-coat-v4-8/index28a5.html]
[template2.thietkewebsites.com/clone25/san-pham/3d-coat-v4-8/indexac42.html]
[template2.thietkewebsites.com/clone25/wp-content/uploads/2018/09/1-5.png]
[template2.thietkewebsites.com/clone25/san-pham/nam-1849/indexce09.html]
[template2.thietkewebsites.com/clone25/san-pham/nam-1849/index0838.html]
[template2.thietkewebsites.com/clone25/san-pham/nam-1849/index5a55.html]
[template2.thietkewebsites.com/clone25/san-pham/nam-1849/index87de.html]
[template2.thietkewebsites.com/clone25/san-pham/batman-moi/index.html]
[template2.thietkewebsites.com/clone25/san-pham/nam-1849/index28a5.html]
[template2.thietkewebsites.com/clone25/san-pham/nam-1849/indexac42.html]
[template2.thietkewebsites.com/clone25/san-pham/batman-moi/indexce09.html]
[template2.thietkewebsites.com/clone25/wp-content/uploads/2018/09/16.png]
[template2.thietkewebsites.com/clone25/san-pham/batman-moi/index5a55.html]
[template2.thietkewebsites.com/clone25/san-pham/batman-moi/index0838.html]
[template2.thietkewebsites.com/clone25/san-pham/batman/index.html]
[template2.thietkewebsites.com/clone25/san-pham/batman-moi/index87de.html]
[template2.thietkewebsites.com/clone25/san-pham/batman-moi/index28a5.html]
[template2.thietkewebsites.com/clone25/san-pham/batman-moi/indexac42.html]
[template2.thietkewebsites.com/clone25/san-pham/batman/indexce09.html]
[template2.thietkewebsites.com/clone25/san-pham/batman/index5a55.html]
[template2.thietkewebsites.com/clone25/that-kho-tin-nhung-do-thi-dep-den-ao-dieu-nay-lai-la-mot-tac-pham-minecraft/index.html]
[template2.thietkewebsites.com/clone25/san-pham/batman/index87de.html]
[template2.thietkewebsites.com/clone25/san-pham/batman/index0838.html]
[template2.thietkewebsites.com/clone25/san-pham/batman/indexac42.html]
[template2.thietkewebsites.com/clone25/san-pham/batman/index28a5.html]
[template2.thietkewebsites.com/clone25/tuong-tac-cua-aatrox-moi-voi-cac-vi-tuong-khac-he-lo-nhieu-bi-mat-trong-cot-truyen/index.html]
[template2.thietkewebsites.com/clone25/phoenix-cyber-gay-soc-khi-tang-tai-khoan-2-trieu-cho-tat-ca-tan-sinh-vien-2018/index.html]
[template2.thietkewebsites.com/clone25/cung-den-voi-lamplight-city-tua-game-danh-cho-cac-fan-nghien-the-loai-trinh-tham/index.html]
[template2.thietkewebsites.com/clone25/honor-play-dien-thoai-choi-game-tuyet-dinh-khong-co-doi-thu/index.html]
[template2.thietkewebsites.com/clone25/review-fear-the-wolves-game-pubg-phien-ban-nuoc-nga-vo-cung-khoc-liet/index.html]
[template2.thietkewebsites.com/clone25/review-fear-the-wolves-game-pubg-phien-ban-nuoc-nga-vo-cung-khoc-liet/index6809.html]
[template2.thietkewebsites.com/clone25/indexce09.html]
[template2.thietkewebsites.com/clone25/gio-hang/indexd3c4.html]
[template2.thietkewebsites.com/clone25/index0838.html]
[template2.thietkewebsites.com/clone25/index87de.html]
[template2.thietkewebsites.com/clone25/wp-content/uploads/2018/09/15.png]
[template2.thietkewebsites.com/clone25/gio-hang/index58a4.html]
[template2.thietkewebsites.com/clone25/san-pham/rust/index.html]
[template2.thietkewebsites.com/clone25/san-pham/rust/indexce09.html]
[template2.thietkewebsites.com/clone25/san-pham/rust/index5a55.html]
[template2.thietkewebsites.com/clone25/san-pham/rust/index0838.html]
[template2.thietkewebsites.com/clone25/san-pham/rust/index87de.html]
[template2.thietkewebsites.com/clone25/index9ced.html]
[template2.thietkewebsites.com/clone25/san-pham/rust/index28a5.html]
[template2.thietkewebsites.com/clone25/wp-content/uploads/2018/09/14.png]
[template2.thietkewebsites.com/clone25/san-pham/rust/indexac42.html]
[template2.thietkewebsites.com/clone25/gio-hang/indexf96b.html]
[template2.thietkewebsites.com/clone25/san-pham/the-forest/index.html]
[template2.thietkewebsites.com/clone25/danh-muc/game-sinh-ton/the-forest/index.html]
[template2.thietkewebsites.com/clone25/san-pham/the-forest/indexce09.html]
[template2.thietkewebsites.com/clone25/san-pham/the-forest/index5a55.html]
[template2.thietkewebsites.com/clone25/san-pham/the-forest/index0838.html]
[template2.thietkewebsites.com/clone25/san-pham/the-forest/index87de.html]
[template2.thietkewebsites.com/clone25/indexb3a2.html]
[template2.thietkewebsites.com/clone25/san-pham/the-forest/index28a5.html]
[template2.thietkewebsites.com/clone25/san-pham/the-forest/indexac42.html]
[template2.thietkewebsites.com/clone25/gio-hang/index41b4.html]
[template2.thietkewebsites.com/clone25/wp-content/uploads/2018/09/12.png]
[template2.thietkewebsites.com/clone25/san-pham/hitman/indexce09.html]
[template2.thietkewebsites.com/clone25/san-pham/hitman/index.html]
[template2.thietkewebsites.com/clone25/san-pham/hitman/index5a55.html]
[template2.thietkewebsites.com/clone25/san-pham/hitman/index0838.html]
[template2.thietkewebsites.com/clone25/san-pham/hitman/index28a5.html]
[template2.thietkewebsites.com/clone25/san-pham/hitman/index87de.html]
[template2.thietkewebsites.com/clone25/indexcbcb.html]
[template2.thietkewebsites.com/clone25/san-pham/hitman/indexac42.html]
[template2.thietkewebsites.com/clone25/wp-content/uploads/2018/09/11.png]
[template2.thietkewebsites.com/clone25/san-pham/ark/index.html]
[template2.thietkewebsites.com/clone25/san-pham/ark/indexce09.html]
[template2.thietkewebsites.com/clone25/san-pham/ark/index5a55.html]
[template2.thietkewebsites.com/clone25/san-pham/ark/index0838.html]
[template2.thietkewebsites.com/clone25/index07e3.html]
[template2.thietkewebsites.com/clone25/san-pham/ark/index28a5.html]
[template2.thietkewebsites.com/clone25/san-pham/ark/index87de.html]
[template2.thietkewebsites.com/clone25/wp-content/uploads/2018/09/10.png]
[template2.thietkewebsites.com/clone25/san-pham/ark/indexac42.html]
[template2.thietkewebsites.com/clone25/gio-hang/indexeecd.html]
[template2.thietkewebsites.com/clone25/san-pham/battlefield/index.html]
[template2.thietkewebsites.com/clone25/san-pham/battlefield/index5a55.html]
[template2.thietkewebsites.com/clone25/san-pham/battlefield/indexce09.html]
[template2.thietkewebsites.com/clone25/san-pham/battlefield/index0838.html]
[template2.thietkewebsites.com/clone25/san-pham/battlefield/index87de.html]
[template2.thietkewebsites.com/clone25/indexfa00.html]
[template2.thietkewebsites.com/clone25/san-pham/battlefield/index28a5.html]
[template2.thietkewebsites.com/clone25/san-pham/battlefield/indexac42.html]
[template2.thietkewebsites.com/clone25/index5a55.html]
[template2.thietkewebsites.com/clone25/index28a5.html]
[template2.thietkewebsites.com/clone25/gio-hang/index94e9.html]
[template2.thietkewebsites.com/clone25/indexac42.html]
[template2.thietkewebsites.com/clone25/wp-admin/admin-ajax.html]
[template2.thietkewebsites.com/clone25/wp-content/themes/flatsome/assets/css/icons/fl-icons.eot]
[template2.thietkewebsites.com/clone25/wp-content/themes/flatsome/assets/css/icons/fl-icons.woff2]
[template2.thietkewebsites.com/clone25/wp-content/themes/flatsome/assets/css/icons/fl-icons.ttf]
[template2.thietkewebsites.com/clone25/gio-hang/index584d.html]
[template2.thietkewebsites.com/clone25/wp-content/themes/flatsome/assets/css/icons/fl-icons.woff]
[template2.thietkewebsites.com/clone25/wp-content/themes/flatsome/assets/css/fl-icons.css]
[template2.thietkewebsites.com/clone25/wp-content/themes/flatsome/assets/css/icons/fl-icons.svg]
[template2.thietkewebsites.com/clone25/tai-khoan/lost-password/index.html]
[template2.thietkewebsites.com/clone25/wp-content/plugins/woocommerce/assets/js/frontend/lost-password.min4c8b.js]
[template2.thietkewebsites.com/clone25/wp-content/plugins/font-awesome-4-menus/fonts/fontawesome-webfont3e6e.svg]
[template2.thietkewebsites.com/clone25/wp-content/plugins/woocommerce/assets/css/select24c8b.css]
[template2.thietkewebsites.com/clone25/indexfbd5.html]
[template2.thietkewebsites.com/clone25/index3ba0.html]
[template2.thietkewebsites.com/clone25/indexc471.html]
[template2.thietkewebsites.com/clone25/san-pham/index0838.html]
[template2.thietkewebsites.com/clone25/san-pham/indexce09.html]
[template2.thietkewebsites.com/clone25/san-pham/index5a55.html]
[template2.thietkewebsites.com/clone25/san-pham/index07e3.html]
[template2.thietkewebsites.com/clone25/san-pham/indexac42.html]
[template2.thietkewebsites.com/clone25/san-pham/index28a5.html]
[template2.thietkewebsites.com/clone25/san-pham/indexfa00.html]
[template2.thietkewebsites.com/clone25/wp-content/uploads/2018/09/8.png]
[template2.thietkewebsites.com/clone25/san-pham/fifa-online-4/index0838.html]
[template2.thietkewebsites.com/clone25/san-pham/fifa-online-4/index.html]
[template2.thietkewebsites.com/clone25/san-pham/fifa-online-4/indexce09.html]
[template2.thietkewebsites.com/clone25/san-pham/fifa-online-4/index5a55.html]
[template2.thietkewebsites.com/clone25/san-pham/fifa-online-4/index87de.html]
[template2.thietkewebsites.com/clone25/san-pham/fifa-online-4/index28a5.html]
[template2.thietkewebsites.com/clone25/san-pham/index3711.html]
[template2.thietkewebsites.com/clone25/wp-content/uploads/2018/09/3.png]
[template2.thietkewebsites.com/clone25/san-pham/fifa-online-4/indexac42.html]
[template2.thietkewebsites.com/clone25/san-pham/grand-theft-auto-v/index.html]
[template2.thietkewebsites.com/clone25/san-pham/grand-theft-auto-v/indexce09.html]
[template2.thietkewebsites.com/clone25/san-pham/grand-theft-auto-v/index5a55.html]
[template2.thietkewebsites.com/clone25/san-pham/index683d.html]
[template2.thietkewebsites.com/clone25/san-pham/grand-theft-auto-v/index0838.html]
[template2.thietkewebsites.com/clone25/san-pham/grand-theft-auto-v/index87de.html]
[template2.thietkewebsites.com/clone25/san-pham/grand-theft-auto-v/index28a5.html]
[template2.thietkewebsites.com/clone25/san-pham/grand-theft-auto-v/indexac42.html]
[template2.thietkewebsites.com/clone25/san-pham/indexcbcb.html]
[template2.thietkewebsites.com/clone25/wp-content/uploads/2018/09/9.png]
[template2.thietkewebsites.com/clone25/san-pham/left-4-dead/index.html]
[template2.thietkewebsites.com/clone25/san-pham/left-4-dead/indexce09.html]
[template2.thietkewebsites.com/clone25/san-pham/left-4-dead/index0838.html]
[template2.thietkewebsites.com/clone25/san-pham/left-4-dead/index5a55.html]
[template2.thietkewebsites.com/clone25/san-pham/left-4-dead/index87de.html]
[template2.thietkewebsites.com/clone25/san-pham/left-4-dead/index28a5.html]
[template2.thietkewebsites.com/clone25/san-pham/index85e8.html]
[template2.thietkewebsites.com/clone25/wp-content/uploads/2018/09/5.png]
[template2.thietkewebsites.com/clone25/san-pham/left-4-dead/indexac42.html]
[template2.thietkewebsites.com/clone25/san-pham/lien-minh-huyen-thoai/index.html]
[template2.thietkewebsites.com/clone25/san-pham/lien-minh-huyen-thoai/indexce09.html]
[template2.thietkewebsites.com/clone25/san-pham/lien-minh-huyen-thoai/index5a55.html]
[template2.thietkewebsites.com/clone25/san-pham/lien-minh-huyen-thoai/index87de.html]
[template2.thietkewebsites.com/clone25/san-pham/lien-minh-huyen-thoai/index0838.html]
[template2.thietkewebsites.com/clone25/san-pham/lien-minh-huyen-thoai/index28a5.html]
[template2.thietkewebsites.com/clone25/san-pham/index1dda.html]
[template2.thietkewebsites.com/clone25/wp-content/uploads/2018/09/2.png]
[template2.thietkewebsites.com/clone25/san-pham/lien-minh-huyen-thoai/indexac42.html]
[template2.thietkewebsites.com/clone25/san-pham/minecraft/index5a55.html]
[template2.thietkewebsites.com/clone25/san-pham/minecraft/index.html]
[template2.thietkewebsites.com/clone25/san-pham/minecraft/indexce09.html]
[template2.thietkewebsites.com/clone25/san-pham/minecraft/index87de.html]
[template2.thietkewebsites.com/clone25/san-pham/minecraft/index0838.html]
[template2.thietkewebsites.com/clone25/san-pham/minecraft/index28a5.html]
[template2.thietkewebsites.com/clone25/san-pham/indexecb0.html]
[template2.thietkewebsites.com/clone25/san-pham/minecraft/indexac42.html]
[template2.thietkewebsites.com/clone25/san-pham/index87de.html]
[template2.thietkewebsites.com/clone25/wp-content/uploads/2018/09/4.png]
[template2.thietkewebsites.com/clone25/san-pham/need-for-speed/index.html]
[template2.thietkewebsites.com/clone25/san-pham/need-for-speed/indexce09.html]
[template2.thietkewebsites.com/clone25/san-pham/need-for-speed/index5a55.html]
[template2.thietkewebsites.com/clone25/san-pham/need-for-speed/index0838.html]
[template2.thietkewebsites.com/clone25/san-pham/need-for-speed/index87de.html]
[template2.thietkewebsites.com/clone25/san-pham/index029d.html]
[template2.thietkewebsites.com/clone25/san-pham/need-for-speed/index28a5.html]
[template2.thietkewebsites.com/clone25/san-pham/need-for-speed/indexac42.html]
[template2.thietkewebsites.com/clone25/wp-content/uploads/2018/09/1.png]
[template2.thietkewebsites.com/clone25/san-pham/pubg/index.html]
[template2.thietkewebsites.com/clone25/san-pham/pubg/indexce09.html]
[template2.thietkewebsites.com/clone25/san-pham/pubg/index5a55.html]
[template2.thietkewebsites.com/clone25/san-pham/pubg/index0838.html]
[template2.thietkewebsites.com/clone25/san-pham/index52cf.html]
[template2.thietkewebsites.com/clone25/san-pham/pubg/index87de.html]
[template2.thietkewebsites.com/clone25/san-pham/pubg/index28a5.html]
[template2.thietkewebsites.com/clone25/san-pham/pubg/indexac42.html]
[template2.thietkewebsites.com/clone25/san-pham/index9ced.html]
[template2.thietkewebsites.com/clone25/wp-content/uploads/2018/09/6.png]
[template2.thietkewebsites.com/clone25/san-pham/tam-quoc-dien-nghia/index.html]
[template2.thietkewebsites.com/clone25/san-pham/tam-quoc-dien-nghia/indexce09.html]
[template2.thietkewebsites.com/clone25/san-pham/tam-quoc-dien-nghia/index5a55.html]
[template2.thietkewebsites.com/clone25/san-pham/tam-quoc-dien-nghia/index0838.html]
[template2.thietkewebsites.com/clone25/san-pham/tam-quoc-dien-nghia/index87de.html]
[template2.thietkewebsites.com/clone25/san-pham/tam-quoc-dien-nghia/index28a5.html]
[template2.thietkewebsites.com/clone25/san-pham/index0e13.html]
[template2.thietkewebsites.com/clone25/san-pham/tam-quoc-dien-nghia/indexac42.html]
[template2.thietkewebsites.com/clone25/san-pham/indexb3a2.html]
[template2.thietkewebsites.com/clone25/wp-content/uploads/2018/09/7.png]
[template2.thietkewebsites.com/clone25/san-pham/wwe-2k18/index.html]
[template2.thietkewebsites.com/clone25/san-pham/wwe-2k18/indexce09.html]
[template2.thietkewebsites.com/clone25/san-pham/wwe-2k18/index5a55.html]
[template2.thietkewebsites.com/clone25/san-pham/wwe-2k18/index0838.html]
[template2.thietkewebsites.com/clone25/san-pham/wwe-2k18/index87de.html]
[template2.thietkewebsites.com/clone25/san-pham/wwe-2k18/index28a5.html]
[template2.thietkewebsites.com/clone25/san-pham/indexfc8c.html]
[template2.thietkewebsites.com/clone25/san-pham/wwe-2k18/indexac42.html]
[template2.thietkewebsites.com/clone25/danh-muc/game-hanh-dong/grand-theft-auto-v/index683d.html]
[template2.thietkewebsites.com/clone25/danh-muc/game-hanh-dong/need-for-speed/index029d.html]
[template2.thietkewebsites.com/clone25/danh-muc/game-hanh-dong/tam-quoc-dien-nghia/index0e13.html]
[template2.thietkewebsites.com/clone25/danh-muc/game-hanh-dong/batman/indexac42.html]
[template2.thietkewebsites.com/clone25/danh-muc/game-hanh-dong/batman/index28a5.html]
[template2.thietkewebsites.com/clone25/danh-muc/game-hanh-dong/battlefield/indexfa00.html]
[template2.thietkewebsites.com/clone25/danh-muc/game-hanh-dong/hitman/indexcbcb.html]
[template2.thietkewebsites.com/clone25/danh-muc/game-hanh-dong/wwe-2k18/indexfc8c.html]
[template2.thietkewebsites.com/clone25/danh-muc/game-sinh-ton/rust/index9ced.html]
[template2.thietkewebsites.com/clone25/danh-muc/game-sinh-ton/left-4-dead/index85e8.html]
[template2.thietkewebsites.com/clone25/danh-muc/game-sinh-ton/ark/index07e3.html]
[template2.thietkewebsites.com/clone25/danh-muc/game-sinh-ton/playerunknowns-battlegrounds/index52cf.html]
[template2.thietkewebsites.com/clone25/danh-muc/game-sinh-ton/minecraft/indexecb0.html]
[template2.thietkewebsites.com/clone25/danh-muc/game-chien-thuat/lien-minh-huyen-thoai/index1dda.html]
[template2.thietkewebsites.com/clone25/danh-muc/game-chien-thuat/fifa-online-4/index3711.html]
[template2.thietkewebsites.com/clone25/wp-content/plugins/woocommerce/assets/css/photoswipe/default-skin/default-skin.png]
[template2.thietkewebsites.com/clone25/wp-content/plugins/woocommerce/assets/css/photoswipe/photoswipe4c8b.css]
[template2.thietkewebsites.com/clone25/wp-content/plugins/woocommerce/assets/css/photoswipe/default-skin/default-skin.svg]
[template2.thietkewebsites.com/clone25/wp-content/plugins/woocommerce/assets/css/photoswipe/default-skin/preloader.gif]
[template2.thietkewebsites.com/clone25/wp-content/plugins/woocommerce/assets/css/photoswipe/default-skin/default-skin4c8b.css]
[template2.thietkewebsites.com/clone25/index7065.html]
[template2.thietkewebsites.com/clone25/wp-content/uploads/2018/09/logo_500k-265x88.gif]
[template2.thietkewebsites.com/clone25/danh-muc/web-site-500k/index0838.html]
[template2.thietkewebsites.com/clone25/danh-muc/web-site-500k/indexce09.html]
[template2.thietkewebsites.com/clone25/danh-muc/web-site-500k/index07e3.html]
[template2.thietkewebsites.com/clone25/danh-muc/web-site-500k/index3711.html]
[template2.thietkewebsites.com/clone25/danh-muc/web-site-500k/index.html]
[template2.thietkewebsites.com/clone25/danh-muc/web-site-500k/indexfa00.html]
[template2.thietkewebsites.com/clone25/danh-muc/web-site-500k/index683d.html]
[template2.thietkewebsites.com/clone25/danh-muc/web-site-500k/indexcbcb.html]
[template2.thietkewebsites.com/clone25/danh-muc/web-site-500k/index85e8.html]
[template2.thietkewebsites.com/clone25/danh-muc/web-site-500k/index1dda.html]
[template2.thietkewebsites.com/clone25/san-pham/adr1ft/indexce09.html]
[template2.thietkewebsites.com/clone25/danh-muc/web-site-500k/indexecb0.html]
[template2.thietkewebsites.com/clone25/danh-muc/web-site-500k/index87de.html]
[template2.thietkewebsites.com/clone25/danh-muc/web-site-500k/index52cf.html]
[template2.thietkewebsites.com/clone25/danh-muc/web-site-500k/index029d.html]
[template2.thietkewebsites.com/clone25/san-pham/adr1ft/index5a55.html]
[template2.thietkewebsites.com/clone25/danh-muc/web-site-500k/indexb3a2.html]
[template2.thietkewebsites.com/clone25/san-pham/adr1ft/index0838.html]
[template2.thietkewebsites.com/clone25/danh-muc/web-site-500k/index9ced.html]
[template2.thietkewebsites.com/clone25/san-pham/adr1ft/index87de.html]
[template2.thietkewebsites.com/clone25/san-pham/adr1ft/index28a5.html]
[template2.thietkewebsites.com/clone25/san-pham/adr1ft/indexac42.html]
[template2.thietkewebsites.com/clone25/index9d49.html]
[template2.thietkewebsites.com/clone25/san-pham/age-of-empires-ii-hd/indexce09.html]
[template2.thietkewebsites.com/clone25/san-pham/age-of-empires-ii-hd/index5a55.html]
[template2.thietkewebsites.com/clone25/san-pham/age-of-empires-ii-hd/index0838.html]
[template2.thietkewebsites.com/clone25/san-pham/age-of-empires-ii-hd/index87de.html]
[template2.thietkewebsites.com/clone25/san-pham/age-of-empires-ii-hd/index28a5.html]
[template2.thietkewebsites.com/clone25/san-pham/age-of-empires-ii-hd/indexac42.html]
[template2.thietkewebsites.com/clone25/index8b39.html]
[template2.thietkewebsites.com/clone25/san-pham/3d-coat-v4-8/indexce09.html]
[template2.thietkewebsites.com/clone25/san-pham/3d-coat-v4-8/index5a55.html]
[template2.thietkewebsites.com/clone25/san-pham/3d-coat-v4-8/index0838.html]
[template2.thietkewebsites.com/clone25/san-pham/3d-coat-v4-8/index87de.html]
[template2.thietkewebsites.com/clone25/san-pham/3d-coat-v4-8/index28a5.html]
[template2.thietkewebsites.com/clone25/san-pham/3d-coat-v4-8/indexac42.html]
[template2.thietkewebsites.com/clone25/index59b0.html]
[template2.thietkewebsites.com/clone25/san-pham/nam-1849/indexce09.html]
[template2.thietkewebsites.com/clone25/san-pham/nam-1849/index5a55.html]
[template2.thietkewebsites.com/clone25/san-pham/nam-1849/index0838.html]
[template2.thietkewebsites.com/clone25/san-pham/nam-1849/index87de.html]
[template2.thietkewebsites.com/clone25/san-pham/nam-1849/index28a5.html]
[template2.thietkewebsites.com/clone25/san-pham/nam-1849/indexac42.html]
[template2.thietkewebsites.com/clone25/index2169.html]
[template2.thietkewebsites.com/clone25/san-pham/batman-moi/indexce09.html]
[template2.thietkewebsites.com/clone25/san-pham/batman-moi/index5a55.html]
[template2.thietkewebsites.com/clone25/san-pham/batman-moi/index0838.html]
[template2.thietkewebsites.com/clone25/san-pham/batman-moi/index87de.html]
[template2.thietkewebsites.com/clone25/san-pham/batman-moi/index28a5.html]
[template2.thietkewebsites.com/clone25/san-pham/batman-moi/indexac42.html]
[template2.thietkewebsites.com/clone25/indexdf27.html]
[template2.thietkewebsites.com/clone25/san-pham/batman/indexce09.html]
[template2.thietkewebsites.com/clone25/san-pham/batman/index5a55.html]
[template2.thietkewebsites.com/clone25/san-pham/batman/index0838.html]
[template2.thietkewebsites.com/clone25/san-pham/batman/index87de.html]
[template2.thietkewebsites.com/clone25/san-pham/batman/index28a5.html]
[template2.thietkewebsites.com/clone25/san-pham/batman/indexac42.html]
[template2.thietkewebsites.com/clone25/index7efb.html]
[template2.thietkewebsites.com/clone25/index77b5.html]
[template2.thietkewebsites.com/clone25/index50ba.html]
[template2.thietkewebsites.com/clone25/index2847.html]
[template2.thietkewebsites.com/clone25/index486a.html]
[template2.thietkewebsites.com/clone25/indexcff1.html]
[template2.thietkewebsites.com/clone25/review-fear-the-wolves-game-pubg-phien-ban-nuoc-nga-vo-cung-khoc-liet/index6809.html]
[template2.thietkewebsites.com/clone25/gio-hang/indexd3c4.html]
[template2.thietkewebsites.com/clone25/gio-hang/indexc806.html]
[template2.thietkewebsites.com/clone25/gio-hang/index58a4.html]
[template2.thietkewebsites.com/clone25/indexf785.html]
[template2.thietkewebsites.com/clone25/san-pham/rust/indexce09.html]
[template2.thietkewebsites.com/clone25/san-pham/rust/index5a55.html]
[template2.thietkewebsites.com/clone25/san-pham/rust/index0838.html]
[template2.thietkewebsites.com/clone25/san-pham/rust/index87de.html]
[template2.thietkewebsites.com/clone25/san-pham/rust/index28a5.html]
[template2.thietkewebsites.com/clone25/san-pham/rust/indexac42.html]
[template2.thietkewebsites.com/clone25/gio-hang/indexf96b.html]
[template2.thietkewebsites.com/clone25/index3177.html]
[template2.thietkewebsites.com/clone25/danh-muc/game-sinh-ton/the-forest/index.html]
[template2.thietkewebsites.com/clone25/danh-muc/game-sinh-ton/the-forest/indexb3a2.html]
[template2.thietkewebsites.com/clone25/san-pham/the-forest/indexce09.html]
[template2.thietkewebsites.com/clone25/san-pham/the-forest/index5a55.html]
[template2.thietkewebsites.com/clone25/san-pham/the-forest/index0838.html]
[template2.thietkewebsites.com/clone25/san-pham/the-forest/index87de.html]
[template2.thietkewebsites.com/clone25/san-pham/the-forest/index28a5.html]
[template2.thietkewebsites.com/clone25/san-pham/the-forest/indexac42.html]
[template2.thietkewebsites.com/clone25/gio-hang/index41b4.html]
[template2.thietkewebsites.com/clone25/indexbb46.html]
[template2.thietkewebsites.com/clone25/san-pham/hitman/indexce09.html]
[template2.thietkewebsites.com/clone25/san-pham/hitman/index5a55.html]
[template2.thietkewebsites.com/clone25/san-pham/hitman/index0838.html]
[template2.thietkewebsites.com/clone25/san-pham/hitman/index87de.html]
[template2.thietkewebsites.com/clone25/san-pham/hitman/index28a5.html]
[template2.thietkewebsites.com/clone25/san-pham/hitman/indexac42.html]
[template2.thietkewebsites.com/clone25/gio-hang/index25f1.html]
[template2.thietkewebsites.com/clone25/indexf065.html]
[template2.thietkewebsites.com/clone25/san-pham/ark/indexce09.html]
[template2.thietkewebsites.com/clone25/san-pham/ark/index5a55.html]
[template2.thietkewebsites.com/clone25/san-pham/ark/index0838.html]
[template2.thietkewebsites.com/clone25/san-pham/ark/index87de.html]
[template2.thietkewebsites.com/clone25/san-pham/ark/index28a5.html]
[template2.thietkewebsites.com/clone25/san-pham/ark/indexac42.html]
[template2.thietkewebsites.com/clone25/gio-hang/indexeecd.html]
[template2.thietkewebsites.com/clone25/indexbc7f.html]
[template2.thietkewebsites.com/clone25/san-pham/battlefield/indexce09.html]
[template2.thietkewebsites.com/clone25/san-pham/battlefield/index5a55.html]
[template2.thietkewebsites.com/clone25/san-pham/battlefield/index0838.html]
[template2.thietkewebsites.com/clone25/san-pham/battlefield/index87de.html]
[template2.thietkewebsites.com/clone25/san-pham/battlefield/index28a5.html]
[template2.thietkewebsites.com/clone25/san-pham/battlefield/indexac42.html]
[template2.thietkewebsites.com/clone25/gio-hang/index0dcd.html]
[template2.thietkewebsites.com/clone25/gio-hang/index017d.html]
[template2.thietkewebsites.com/clone25/gio-hang/index94e9.html]
[template2.thietkewebsites.com/clone25/gio-hang/index584d.html]
[template2.thietkewebsites.com/clone25/wp-content/themes/flatsome/assets/css/icons/fl-icons.svg]
[template2.thietkewebsites.com/clone25/feed/index.html]
[template2.thietkewebsites.com/clone25/comments/feed/index.html]
[template2.thietkewebsites.com/clone25/trang-chu/feed/index.html]
[template2.thietkewebsites.com/clone25/gio-hang/index6079.html]
[template2.thietkewebsites.com/clone25/gio-hang/indexb693.html]
[template2.thietkewebsites.com/clone25/gio-hang/indexfdf9.html]
[template2.thietkewebsites.com/clone25/gio-hang/indexcbcb.html]
[template2.thietkewebsites.com/clone25/indexd0d3.html]
[template2.thietkewebsites.com/clone25/san-pham/fifa-online-4/indexce09.html]
[template2.thietkewebsites.com/clone25/san-pham/fifa-online-4/index5a55.html]
[template2.thietkewebsites.com/clone25/san-pham/fifa-online-4/index0838.html]
[template2.thietkewebsites.com/clone25/san-pham/fifa-online-4/index87de.html]
[template2.thietkewebsites.com/clone25/san-pham/fifa-online-4/index28a5.html]
[template2.thietkewebsites.com/clone25/san-pham/fifa-online-4/indexac42.html]
[template2.thietkewebsites.com/clone25/gio-hang/index32e0.html]
[template2.thietkewebsites.com/clone25/index8f9f.html]
[template2.thietkewebsites.com/clone25/san-pham/grand-theft-auto-v/indexce09.html]
[template2.thietkewebsites.com/clone25/san-pham/grand-theft-auto-v/index5a55.html]
[template2.thietkewebsites.com/clone25/san-pham/grand-theft-auto-v/index0838.html]
[template2.thietkewebsites.com/clone25/san-pham/grand-theft-auto-v/index87de.html]
[template2.thietkewebsites.com/clone25/san-pham/grand-theft-auto-v/index28a5.html]
[template2.thietkewebsites.com/clone25/san-pham/grand-theft-auto-v/indexac42.html]
[template2.thietkewebsites.com/clone25/gio-hang/index0dcd-2.html]
[template2.thietkewebsites.com/clone25/index2b15.html]
[template2.thietkewebsites.com/clone25/san-pham/left-4-dead/indexce09.html]
[template2.thietkewebsites.com/clone25/san-pham/left-4-dead/index5a55.html]
[template2.thietkewebsites.com/clone25/san-pham/left-4-dead/index0838.html]
[template2.thietkewebsites.com/clone25/san-pham/left-4-dead/index87de.html]
[template2.thietkewebsites.com/clone25/san-pham/left-4-dead/index28a5.html]
[template2.thietkewebsites.com/clone25/san-pham/left-4-dead/indexac42.html]
[template2.thietkewebsites.com/clone25/gio-hang/indexd4e2.html]
[template2.thietkewebsites.com/clone25/indexc8e5.html]
[template2.thietkewebsites.com/clone25/san-pham/lien-minh-huyen-thoai/indexce09.html]
[template2.thietkewebsites.com/clone25/san-pham/lien-minh-huyen-thoai/index5a55.html]
[template2.thietkewebsites.com/clone25/san-pham/lien-minh-huyen-thoai/index0838.html]
[template2.thietkewebsites.com/clone25/san-pham/lien-minh-huyen-thoai/index87de.html]
[template2.thietkewebsites.com/clone25/san-pham/lien-minh-huyen-thoai/index28a5.html]
[template2.thietkewebsites.com/clone25/san-pham/lien-minh-huyen-thoai/indexac42.html]
[template2.thietkewebsites.com/clone25/gio-hang/indexcd49.html]
[template2.thietkewebsites.com/clone25/index6f5e.html]
[template2.thietkewebsites.com/clone25/san-pham/minecraft/indexce09.html]
[template2.thietkewebsites.com/clone25/san-pham/minecraft/index5a55.html]
[template2.thietkewebsites.com/clone25/san-pham/minecraft/index0838.html]
[template2.thietkewebsites.com/clone25/san-pham/minecraft/index87de.html]
[template2.thietkewebsites.com/clone25/san-pham/minecraft/index28a5.html]
[template2.thietkewebsites.com/clone25/san-pham/minecraft/indexac42.html]
[template2.thietkewebsites.com/clone25/gio-hang/indexd52c.html]
[template2.thietkewebsites.com/clone25/gio-hang/index7492.html]
[template2.thietkewebsites.com/clone25/index7270.html]
[template2.thietkewebsites.com/clone25/san-pham/need-for-speed/indexce09.html]
[template2.thietkewebsites.com/clone25/san-pham/need-for-speed/index5a55.html]
[template2.thietkewebsites.com/clone25/san-pham/need-for-speed/index0838.html]
[template2.thietkewebsites.com/clone25/san-pham/need-for-speed/index87de.html]
[template2.thietkewebsites.com/clone25/san-pham/need-for-speed/index28a5.html]
[template2.thietkewebsites.com/clone25/san-pham/need-for-speed/indexac42.html]
[template2.thietkewebsites.com/clone25/gio-hang/index3b1b.html]
[template2.thietkewebsites.com/clone25/index5f81.html]
[template2.thietkewebsites.com/clone25/san-pham/pubg/indexce09.html]
[template2.thietkewebsites.com/clone25/san-pham/pubg/index5a55.html]
[template2.thietkewebsites.com/clone25/san-pham/pubg/index0838.html]
[template2.thietkewebsites.com/clone25/san-pham/pubg/index87de.html]
[template2.thietkewebsites.com/clone25/san-pham/pubg/index28a5.html]
[template2.thietkewebsites.com/clone25/san-pham/pubg/indexac42.html]
[template2.thietkewebsites.com/clone25/gio-hang/indexc400.html]
[template2.thietkewebsites.com/clone25/gio-hang/indexbf77.html]
[template2.thietkewebsites.com/clone25/index0edf.html]
[template2.thietkewebsites.com/clone25/san-pham/tam-quoc-dien-nghia/indexce09.html]
[template2.thietkewebsites.com/clone25/san-pham/tam-quoc-dien-nghia/index5a55.html]
[template2.thietkewebsites.com/clone25/san-pham/tam-quoc-dien-nghia/index0838.html]
[template2.thietkewebsites.com/clone25/san-pham/tam-quoc-dien-nghia/index87de.html]
[template2.thietkewebsites.com/clone25/san-pham/tam-quoc-dien-nghia/index28a5.html]
[template2.thietkewebsites.com/clone25/san-pham/tam-quoc-dien-nghia/indexac42.html]
[template2.thietkewebsites.com/clone25/gio-hang/index9712.html]
[template2.thietkewebsites.com/clone25/gio-hang/index84bf.html]
[template2.thietkewebsites.com/clone25/index6cd8.html]
[template2.thietkewebsites.com/clone25/san-pham/wwe-2k18/indexce09.html]
[template2.thietkewebsites.com/clone25/san-pham/wwe-2k18/index5a55.html]
[template2.thietkewebsites.com/clone25/san-pham/wwe-2k18/index0838.html]
[template2.thietkewebsites.com/clone25/san-pham/wwe-2k18/index87de.html]
[template2.thietkewebsites.com/clone25/san-pham/wwe-2k18/index28a5.html]
[template2.thietkewebsites.com/clone25/san-pham/wwe-2k18/indexac42.html]
[template2.thietkewebsites.com/clone25/gio-hang/index24a8.html]
[template2.thietkewebsites.com/clone25/wp-content/plugins/woocommerce/assets/css/photoswipe/default-skin/default-skin.svg]
[template2.thietkewebsites.com/clone25/danh-muc/web-site-500k/index0838.html]
[template2.thietkewebsites.com/clone25/danh-muc/web-site-500k/indexce09.html]
[template2.thietkewebsites.com/clone25/danh-muc/web-site-500k/index07e3.html]
[template2.thietkewebsites.com/clone25/danh-muc/web-site-500k/indexfa00.html]
[template2.thietkewebsites.com/clone25/danh-muc/web-site-500k/index3711.html]
[template2.thietkewebsites.com/clone25/danh-muc/web-site-500k/index683d.html]
[template2.thietkewebsites.com/clone25/danh-muc/web-site-500k/indexcbcb.html]
[template2.thietkewebsites.com/clone25/danh-muc/web-site-500k/index85e8.html]
[template2.thietkewebsites.com/clone25/danh-muc/web-site-500k/index1dda.html]
[template2.thietkewebsites.com/clone25/danh-muc/web-site-500k/indexecb0.html]
[template2.thietkewebsites.com/clone25/danh-muc/web-site-500k/index87de.html]
[template2.thietkewebsites.com/clone25/danh-muc/web-site-500k/index029d.html]
[template2.thietkewebsites.com/clone25/danh-muc/web-site-500k/index52cf.html]
[template2.thietkewebsites.com/clone25/danh-muc/web-site-500k/index9ced.html]
[template2.thietkewebsites.com/clone25/danh-muc/web-site-500k/indexb3a2.html]
[template2.thietkewebsites.com/clone25/indexaafe.html]
[template2.thietkewebsites.com/clone25/gio-hang/indexeaa7.html]
[template2.thietkewebsites.com/clone25/danh-muc/game-sinh-ton/the-forest/indexb3a2.html]
[template2.thietkewebsites.com/clone25/gio-hang/index21ff.html]
[template2.thietkewebsites.com/clone25/gio-hang/index5baf.html]
[template2.thietkewebsites.com/clone25/san-pham/feed/index.html]
[template2.thietkewebsites.com/clone25/san-pham/indexaafe.html]
[template2.thietkewebsites.com/clone25/gio-hang/index9b96.html]
[template2.thietkewebsites.com/clone25/gio-hang/index2b78.html]
[template2.thietkewebsites.com/clone25/gio-hang/index20af.html]
[template2.thietkewebsites.com/clone25/gio-hang/indexb69e.html]
[template2.thietkewebsites.com/clone25/gio-hang/index7274.html]
[template2.thietkewebsites.com/clone25/gio-hang/indexb0bf.html]
[template2.thietkewebsites.com/clone25/gio-hang/index9689.html]
[template2.thietkewebsites.com/clone25/gio-hang/indexfd39.html]
[template2.thietkewebsites.com/clone25/danh-muc/game-hanh-dong/grand-theft-auto-v/feed/index.html]
[template2.thietkewebsites.com/clone25/danh-muc/game-hanh-dong/need-for-speed/feed/index.html]
[template2.thietkewebsites.com/clone25/danh-muc/game-hanh-dong/tam-quoc-dien-nghia/feed/index.html]
[template2.thietkewebsites.com/clone25/danh-muc/game-hanh-dong/batman/feed/index.html]
[template2.thietkewebsites.com/clone25/danh-muc/game-hanh-dong/battlefield/feed/index.html]
[template2.thietkewebsites.com/clone25/danh-muc/game-hanh-dong/hitman/feed/index.html]
[template2.thietkewebsites.com/clone25/danh-muc/game-hanh-dong/wwe-2k18/feed/index.html]
[template2.thietkewebsites.com/clone25/danh-muc/game-sinh-ton/rust/feed/index.html]
[template2.thietkewebsites.com/clone25/danh-muc/game-sinh-ton/left-4-dead/feed/index.html]
[template2.thietkewebsites.com/clone25/danh-muc/game-sinh-ton/ark/feed/index.html]
[template2.thietkewebsites.com/clone25/danh-muc/game-sinh-ton/playerunknowns-battlegrounds/feed/index.html]
[template2.thietkewebsites.com/clone25/danh-muc/game-sinh-ton/minecraft/feed/index.html]
[template2.thietkewebsites.com/clone25/danh-muc/game-chien-thuat/lien-minh-huyen-thoai/feed/index.html]
[template2.thietkewebsites.com/clone25/danh-muc/game-chien-thuat/fifa-online-4/feed/index.html]
[template2.thietkewebsites.com/clone25/san-pham/adr1ft/feed/index.html]
[template2.thietkewebsites.com/clone25/san-pham/age-of-empires-ii-hd/feed/index.html]
[template2.thietkewebsites.com/clone25/san-pham/3d-coat-v4-8/feed/index.html]
[template2.thietkewebsites.com/clone25/san-pham/nam-1849/feed/index.html]
[template2.thietkewebsites.com/clone25/san-pham/batman-moi/feed/index.html]
[template2.thietkewebsites.com/clone25/san-pham/batman/feed/index.html]
[template2.thietkewebsites.com/clone25/that-kho-tin-nhung-do-thi-dep-den-ao-dieu-nay-lai-la-mot-tac-pham-minecraft/feed/index.html]
[template2.thietkewebsites.com/clone25/tuong-tac-cua-aatrox-moi-voi-cac-vi-tuong-khac-he-lo-nhieu-bi-mat-trong-cot-truyen/feed/index.html]
[template2.thietkewebsites.com/clone25/phoenix-cyber-gay-soc-khi-tang-tai-khoan-2-trieu-cho-tat-ca-tan-sinh-vien-2018/feed/index.html]
[template2.thietkewebsites.com/clone25/cung-den-voi-lamplight-city-tua-game-danh-cho-cac-fan-nghien-the-loai-trinh-tham/feed/index.html]
[template2.thietkewebsites.com/clone25/honor-play-dien-thoai-choi-game-tuyet-dinh-khong-co-doi-thu/feed/index.html]
[template2.thietkewebsites.com/clone25/review-fear-the-wolves-game-pubg-phien-ban-nuoc-nga-vo-cung-khoc-liet/feed/index.html]
[template2.thietkewebsites.com/clone25/thanh-toan/index.html]
[template2.thietkewebsites.com/clone25/gio-hang/indexe34a.html]
[template2.thietkewebsites.com/clone25/san-pham/rust/feed/index.html]
[template2.thietkewebsites.com/clone25/san-pham/the-forest/feed/index.html]
[template2.thietkewebsites.com/clone25/san-pham/hitman/feed/index.html]
[template2.thietkewebsites.com/clone25/san-pham/ark/feed/index.html]
[template2.thietkewebsites.com/clone25/san-pham/battlefield/feed/index.html]
[template2.thietkewebsites.com/clone25/gio-hang/index6efe.html]
[template2.thietkewebsites.com/clone25/san-pham/fifa-online-4/feed/index.html]
[template2.thietkewebsites.com/clone25/san-pham/grand-theft-auto-v/feed/index.html]
[template2.thietkewebsites.com/clone25/san-pham/left-4-dead/feed/index.html]
[template2.thietkewebsites.com/clone25/san-pham/lien-minh-huyen-thoai/feed/index.html]
[template2.thietkewebsites.com/clone25/san-pham/minecraft/feed/index.html]
[template2.thietkewebsites.com/clone25/san-pham/need-for-speed/feed/index.html]
[template2.thietkewebsites.com/clone25/san-pham/pubg/feed/index.html]
[template2.thietkewebsites.com/clone25/san-pham/tam-quoc-dien-nghia/feed/index.html]
[template2.thietkewebsites.com/clone25/san-pham/wwe-2k18/feed/index.html]
[template2.thietkewebsites.com/clone25/danh-muc/web-site-500k/feed/index.html]
[template2.thietkewebsites.com/clone25/danh-muc/game-sinh-ton/the-forest/feed/index.html]
